sdfdksfksdkf
